
> untrackt@1.0.0 test:run
> vitest run --reporter=basic

npm.cmd : [2m8:00:28 AM[22m [33m[1m[vite][22m[39m [33mwarning: 
`esbuild` option was specified by "vite:react-babel" plugin. This option is 
deprecated, please use `oxc` instead.[39m
At line:1 char:1
+ npm.cmd run test:run -- --reporter=basic *> test-output.txt
+ ~~~~~~~~~~~~~~~~~~~~~~~~~~~~~~~~~~~~~~~~~~~~~~~~~~~~~~~~~~~
    + CategoryInfo          : NotSpecified: ([2m8:00:28 AM...` instead.[39m 
   :String) [], RemoteException
    + FullyQualifiedErrorId : NativeCommandError
 
[2m8:00:28 AM[22m [33m[1m[vite][22m[39m [33mwarning: 
`optimizeDeps.esbuildOptions` option was specified by "vite:react-babel" 
plugin. This option is deprecated, please use `optimizeDeps.rolldownOptions` 
instead.[39m
[33mBoth esbuild and oxc options were set. oxc options will be used and 
esbuild options will be ignored.[39m The following esbuild options were set: 
`{ jsx: 'automatic', jsxImportSource: undefined }`

[31mΓÄ»ΓÄ»ΓÄ»ΓÄ»ΓÄ»ΓÄ»ΓÄ»[39m[1m[41m Startup Error 
[49m[22m[31mΓÄ»ΓÄ»ΓÄ»ΓÄ»ΓÄ»ΓÄ»ΓÄ»ΓÄ»[39m
Error: Failed to load custom Reporter from basic
    at loadCustomReporterModule (file:///C:/data/code2026/untrackt/node_modules
/vitest/dist/chunks/cli-api.BUXBO6jS.js:11338:9)
    at file:///C:/data/code2026/untrackt/node_modules/vitest/dist/chunks/cli-ap
i.BUXBO6jS.js:11354:23
    ... 3 lines matching cause stack trace ...
    at _createServer (file:///C:/data/code2026/untrackt/node_modules/vitest/nod
e_modules/vite/dist/node/chunks/node.js:26145:84)
    at createViteServer (file:///C:/data/code2026/untrackt/node_modules/vitest/
dist/chunks/cli-api.BUXBO6jS.js:8819:17)
    at createVitest (file:///C:/data/code2026/untrackt/node_modules/vitest/dist
/chunks/cli-api.BUXBO6jS.js:14159:18)
    at prepareVitest (file:///C:/data/code2026/untrackt/node_modules/vitest/dis
t/chunks/cli-api.BUXBO6jS.js:14526:14)
    at startVitest (file:///C:/data/code2026/untrackt/node_modules/vitest/dist/
chunks/cli-api.BUXBO6jS.js:14469:14) {
  [cause]: Error: Failed to load url basic (resolved id: basic). Does the file 
exist?
      at reviveInvokeError (file:///C:/data/code2026/untrackt/node_modules/vite
st/node_modules/vite/dist/node/module-runner.js:538:14)
      at Object.invoke (file:///C:/data/code2026/untrackt/node_modules/vitest/n
ode_modules/vite/dist/node/module-runner.js:554:33)
      at ServerModuleRunner.getModuleInformation (file:///C:/data/code2026/untr
ackt/node_modules/vitest/node_modules/vite/dist/node/module-runner.js:1183:7)
      at ServerModuleRunner.import (file:///C:/data/code2026/untrackt/node_modu
les/vitest/node_modules/vite/dist/node/module-runner.js:1099:23)
      at loadCustomReporterModule (file:///C:/data/code2026/untrackt/node_modul
es/vitest/dist/chunks/cli-api.BUXBO6jS.js:11336:26)
      at file:///C:/data/code2026/untrackt/node_modules/vitest/dist/chunks/cli-
api.BUXBO6jS.js:11354:23
      at async Promise.all (index 0)
      at Vitest._setServer (file:///C:/data/code2026/untrackt/node_modules/vite
st/dist/chunks/cli-api.BUXBO6jS.js:13153:138)
      at BasicMinimalPluginContext.handler (file:///C:/data/code2026/untrackt/n
ode_modules/vitest/dist/chunks/cli-api.BUXBO6jS.js:14125:5)
      at _createServer (file:///C:/data/code2026/untrackt/node_modules/vitest/n
ode_modules/vite/dist/node/chunks/node.js:26145:84) {
    code: 'ERR_LOAD_URL',
    runnerError: Error: RunnerError
        at reviveInvokeError (file:///C:/data/code2026/untrackt/node_modules/vi
test/node_modules/vite/dist/node/module-runner.js:539:64)
        at Object.invoke (file:///C:/data/code2026/untrackt/node_modules/vitest
/node_modules/vite/dist/node/module-runner.js:554:33)
        at ServerModuleRunner.getModuleInformation (file:///C:/data/code2026/un
trackt/node_modules/vitest/node_modules/vite/dist/node/module-runner.js:1183:7)
        at ServerModuleRunner.import (file:///C:/data/code2026/untrackt/node_mo
dules/vitest/node_modules/vite/dist/node/module-runner.js:1099:23)
        at loadCustomReporterModule (file:///C:/data/code2026/untrackt/node_mod
ules/vitest/dist/chunks/cli-api.BUXBO6jS.js:11336:26)
        at file:///C:/data/code2026/untrackt/node_modules/vitest/dist/chunks/cl
i-api.BUXBO6jS.js:11354:23
        at async Promise.all (index 0)
        at Vitest._setServer (file:///C:/data/code2026/untrackt/node_modules/vi
test/dist/chunks/cli-api.BUXBO6jS.js:13153:138)
        at BasicMinimalPluginContext.handler (file:///C:/data/code2026/untrackt
/node_modules/vitest/dist/chunks/cli-api.BUXBO6jS.js:14125:5)
        at _createServer (file:///C:/data/code2026/untrackt/node_modules/vitest
/node_modules/vite/dist/node/chunks/node.js:26145:84)
  }
}



